SLURM_CPUS_PER_TASK=16
Many modules are hidden in this stack. Use "module --show_hidden spider SOFTWARE" if you are not able to find the required software
/cluster/home/yayang1/run_pyrecodes/venv/lib/python3.11/site-packages/numpy/core/_methods.py:173: RuntimeWarning: invalid value encountered in subtract
  x = asanyarray(arr - arrmean)
Running realization 2
Time step:  0
Time step:  1
Time step:  2
Time step:  3
Time step:  4
Time step:  5
Time step:  6
Time step:  7
Time step:  8
Time step:  9
Time step:  10
Time step:  11
Time step:  12
Time step:  13
Time step:  14
Time step:  15
Time step:  16
Time step:  17
Time step:  18
Time step:  19
Time step:  20
Time step:  21
Time step:  22
Time step:  23
Time step:  24
Time step:  25
Time step:  26
Time step:  27
Time step:  28
Time step:  29
Time step:  30
Time step:  31
Time step:  32
Time step:  33
Time step:  34
Time step:  35
Time step:  36
Time step:  37
Time step:  38
Time step:  39
Time step:  40
Time step:  41
Time step:  42
Time step:  43
Time step:  44
Time step:  45
Time step:  46
Time step:  47
Time step:  48
Time step:  49
Time step:  50
Time step:  51
Time step:  52
Time step:  53
Time step:  54
Time step:  55
Time step:  56
Time step:  57
Time step:  58
Time step:  59
Time step:  60
Time step:  61
Time step:  62
Time step:  63
Time step:  64
Time step:  65
Time step:  66
Time step:  67
Time step:  68
Time step:  69
Time step:  70
Time step:  71
Time step:  72
Time step:  73
Time step:  74
Time step:  75
Time step:  76
Time step:  77
Time step:  78
Time step:  79
Time step:  80
Time step:  81
Time step:  82
Time step:  83
Time step:  84
Time step:  85
Time step:  86
Time step:  87
Time step:  88
Time step:  89
Time step:  90
Time step:  91
Time step:  92
Time step:  93
Time step:  94
Time step:  95
Time step:  96
Time step:  97
Time step:  98
Time step:  99
Time step:  100
Time step:  101
Time step:  102
Time step:  103
Time step:  104
Time step:  105
Time step:  106
Time step:  107
Time step:  108
Time step:  109
Time step:  110
Time step:  111
Time step:  112
Time step:  113
Time step:  114
Time step:  115
Time step:  116
Time step:  117
Time step:  118
Time step:  119
Time step:  120
Time step:  121
Time step:  122
Time step:  123
Time step:  124
Time step:  125
Time step:  126
Time step:  127
Time step:  128
Time step:  129
Time step:  130
Time step:  131
Time step:  132
Time step:  133
Time step:  134
Time step:  135
Time step:  136
Time step:  137
Time step:  138
Time step:  139
Time step:  140
Time step:  141
Time step:  142
Time step:  143
Time step:  144
Time step:  145
Time step:  146
Time step:  147
Time step:  148
Time step:  149
Time step:  150
Time step:  151
Time step:  152
Time step:  153
Time step:  154
Time step:  155
Time step:  156
Time step:  157
Time step:  158
Time step:  159
Time step:  160
Time step:  161
Time step:  162
Time step:  163
Time step:  164
Time step:  165
Time step:  166
Time step:  167
Time step:  168
Time step:  169
Time step:  170
Time step:  171
Time step:  172
Time step:  173
Time step:  174
Time step:  175
Time step:  176
Time step:  177
Time step:  178
Time step:  179
Time step:  180
Time step:  181
Time step:  182
Time step:  183
Time step:  184
Time step:  185
Time step:  186
Time step:  187
Time step:  188
Time step:  189
Time step:  190
Time step:  191
Time step:  192
Time step:  193
Time step:  194
Time step:  195
Time step:  196
Time step:  197
Time step:  198
Time step:  199
Time step:  200
Time step:  201
Time step:  202
Time step:  203
Time step:  204
Time step:  205
Time step:  206
Time step:  207
Time step:  208
Time step:  209
Time step:  210
Time step:  211
Time step:  212
Time step:  213
Time step:  214
Time step:  215
Time step:  216
Time step:  217
Time step:  218
Time step:  219
Time step:  220
Time step:  221
Time step:  222
Time step:  223
Time step:  224
Time step:  225
Time step:  226
Time step:  227
Time step:  228
Time step:  229
Time step:  230
Time step:  231
Time step:  232
Time step:  233
Time step:  234
Time step:  235
Time step:  236
Time step:  237
Time step:  238
Time step:  239
Time step:  240
Time step:  241
Time step:  242
Time step:  243
Time step:  244
Time step:  245
Time step:  246
Time step:  247
Time step:  248
Time step:  249
Time step:  250
Time step:  251
Time step:  252
Time step:  253
Time step:  254
Time step:  255
Time step:  256
Time step:  257
Time step:  258
Time step:  259
Time step:  260
Time step:  261
Time step:  262
Time step:  263
Time step:  264
Time step:  265
Time step:  266
Time step:  267
Time step:  268
Time step:  269
Time step:  270
Time step:  271
Time step:  272
Time step:  273
Time step:  274
Time step:  275
Time step:  276
Time step:  277
Time step:  278
Time step:  279
Time step:  280
Time step:  281
Time step:  282
Time step:  283
Time step:  284
Time step:  285
Time step:  286
Time step:  287
Time step:  288
Time step:  289
Time step:  290
Time step:  291
Time step:  292
Time step:  293
Time step:  294
Time step:  295
Time step:  296
Time step:  297
Time step:  298
Time step:  299
Time step:  300
Time step:  301
Time step:  302
Time step:  303
Time step:  304
Time step:  305
Time step:  306
Time step:  307
Time step:  308
Time step:  309
Time step:  310
Time step:  311
Time step:  312
Time step:  313
Time step:  314
Time step:  315
Time step:  316
Time step:  317
Time step:  318
Time step:  319
Time step:  320
Time step:  321
Time step:  322
Time step:  323
Time step:  324
Time step:  325
Time step:  326
Time step:  327
Time step:  328
Time step:  329
Time step:  330
Time step:  331
Time step:  332
Time step:  333
Time step:  334
Time step:  335
Time step:  336
Time step:  337
Time step:  338
Time step:  339
Time step:  340
Time step:  341
Time step:  342
Time step:  343
Time step:  344
Time step:  345
Time step:  346
Time step:  347
Time step:  348
Time step:  349
Time step:  350
Time step:  351
Time step:  352
Time step:  353
Time step:  354
Time step:  355
Time step:  356
Time step:  357
Time step:  358
Time step:  359
Time step:  360
Time step:  361
Time step:  362
Time step:  363
Time step:  364
Time step:  365
Time step:  366
Time step:  367
Time step:  368
Time step:  369
Time step:  370
Time step:  371
Time step:  372
Time step:  373
Time step:  374
Time step:  375
Time step:  376
Time step:  377
Time step:  378
Time step:  379
Time step:  380
Time step:  381
Time step:  382
Time step:  383
Time step:  384
Time step:  385
Time step:  386
Time step:  387
Time step:  388
Time step:  389
Time step:  390
Time step:  391
Time step:  392
Time step:  393
Time step:  394
Time step:  395
Time step:  396
Time step:  397
Time step:  398
Time step:  399
Time step:  400
Time step:  401
Time step:  402
Time step:  403
Time step:  404
Time step:  405
Time step:  406
Time step:  407
Time step:  408
Time step:  409
Time step:  410
Time step:  411
Time step:  412
Time step:  413
Time step:  414
Time step:  415
Time step:  416
Time step:  417
Time step:  418
Time step:  419
Time step:  420
Time step:  421
Time step:  422
Time step:  423
Time step:  424
Time step:  425
Time step:  426
Time step:  427
Time step:  428
Time step:  429
Time step:  430
Time step:  431
Time step:  432
Time step:  433
Time step:  434
Time step:  435
Time step:  436
Time step:  437
Time step:  438
Time step:  439
Time step:  440
Time step:  441
Time step:  442
Time step:  443
Time step:  444
Time step:  445
Time step:  446
Time step:  447
Time step:  448
Time step:  449
Time step:  450
Time step:  451
Time step:  452
Time step:  453
Time step:  454
Time step:  455
Time step:  456
Time step:  457
Time step:  458
Time step:  459
Time step:  460
Time step:  461
Time step:  462
Time step:  463
Time step:  464
Time step:  465
Time step:  466
Time step:  467
Time step:  468
Time step:  469
Time step:  470
Time step:  471
Time step:  472
Time step:  473
Time step:  474
Time step:  475
Time step:  476
Time step:  477
Time step:  478
Time step:  479
Time step:  480
Time step:  481
Time step:  482
Time step:  483
Time step:  484
Resilience assessment finished.
Resources to plot ['Shelter', 'PotableWater', 'TransportationService', 'FunctionalHousing']
Rrealization 2 completed
